--------------------------------------------------------------------------------
Release 14.7 Trace  (nt64)
Copyright (c) 1995-2013 Xilinx, Inc.  All rights reserved.

C:\Xilinx\14.7\ISE_DS\ISE\bin\nt64\unwrapped\trce.exe -intstyle ise -v 3 -s 4
-n 3 -fastpaths -xml Plytka.twx Plytka.ncd -o Plytka.twr Plytka.pcf -ucf
test.ucf

Design file:              Plytka.ncd
Physical constraint file: Plytka.pcf
Device,package,speed:     xc3s500e,fg320,-4 (PRODUCTION 1.27 2013-10-13)
Report level:             verbose report

Environment Variable      Effect 
--------------------      ------ 
NONE                      No environment variables were set
--------------------------------------------------------------------------------

INFO:Timing:3412 - To improve timing, see the Timing Closure User Guide (UG612).
INFO:Timing:2752 - To get complete path coverage, use the unconstrained paths 
   option. All paths that are not constrained will be reported in the 
   unconstrained paths section(s) of the report.
INFO:Timing:3339 - The clock-to-out numbers in this timing report are based on 
   a 50 Ohm transmission line loading model.  For the details of this model, 
   and for more information on accounting for different loading conditions, 
   please see the device datasheet.
INFO:Timing:3390 - This architecture does not support a default System Jitter 
   value, please add SYSTEM_JITTER constraint to the UCF to modify the Clock 
   Uncertainty calculation.
INFO:Timing:3389 - This architecture does not support 'Discrete Jitter' and 
   'Phase Error' calculations, these terms will be zero in the Clock 
   Uncertainty calculation.  Please make appropriate modification to 
   SYSTEM_JITTER to account for the unsupported Discrete Jitter and Phase 
   Error.

================================================================================
Timing constraint: NET "Clk_50MHz_BUFGP/IBUFG" PERIOD = 20 ns HIGH 50%;
For more information, see Period Analysis in the Timing Closure User Guide (UG612).

 64805 paths analyzed, 2300 endpoints analyzed, 0 failing endpoints
 0 timing errors detected. (0 setup errors, 0 hold errors, 0 component switching limit errors)
 Minimum period is  13.894ns.
--------------------------------------------------------------------------------

Paths for end point XLXI_2/XLXI_94/adrSec_29 (SLICE_X46Y59.G1), 1466 paths
--------------------------------------------------------------------------------
Slack (setup path):     6.106ns (requirement - (data path - clock path skew + uncertainty))
  Source:               XLXI_2/XLXI_94/State_21 (FF)
  Destination:          XLXI_2/XLXI_94/adrSec_29 (FF)
  Requirement:          20.000ns
  Data Path Delay:      13.858ns (Levels of Logic = 14)
  Clock Path Skew:      -0.036ns (0.084 - 0.120)
  Source Clock:         Clk_50MHz_BUFGP rising at 0.000ns
  Destination Clock:    Clk_50MHz_BUFGP rising at 20.000ns
  Clock Uncertainty:    0.000ns

  Maximum Data Path: XLXI_2/XLXI_94/State_21 to XLXI_2/XLXI_94/adrSec_29
    Location             Delay type         Delay(ns)  Physical Resource
                                                       Logical Resource(s)
    -------------------------------------------------  -------------------
    SLICE_X38Y44.YQ      Tcko                  0.652   XLXI_2/XLXI_94/State<21>
                                                       XLXI_2/XLXI_94/State_21
    SLICE_X49Y36.G2      net (fanout=79)       2.253   XLXI_2/XLXI_94/State<21>
    SLICE_X49Y36.Y       Tilo                  0.704   XLXI_2/XLXI_94/adrSec_mux0005<25>31
                                                       XLXI_2/XLXI_94/adrSec_or00001
    SLICE_X48Y41.G3      net (fanout=12)       1.214   XLXI_2/XLXI_94/adrSec_or0000
    SLICE_X48Y41.Y       Tilo                  0.759   XLXI_2/XLXI_94/adrSec_mux0005<26>16
                                                       XLXI_2/XLXI_94/adrSec_mux0005<25>25
    SLICE_X50Y46.G2      net (fanout=18)       1.939   XLXI_2/XLXI_94/N61
    SLICE_X50Y46.Y       Tilo                  0.759   XLXI_2/XLXI_94/adrSec_mux0005<19>
                                                       XLXI_2/XLXI_94/adrSec_mux0005<19>34
    SLICE_X50Y46.F4      net (fanout=2)        0.044   XLXI_2/XLXI_94/adrSec_mux0005<19>34
    SLICE_X50Y46.X       Tilo                  0.759   XLXI_2/XLXI_94/adrSec_mux0005<19>
                                                       XLXI_2/XLXI_94/adrSec_mux0005<19>44
    SLICE_X51Y47.BX      net (fanout=1)        0.433   XLXI_2/XLXI_94/adrSec_mux0005<19>
    SLICE_X51Y47.COUT    Tbxcy                 1.095   XLXI_2/XLXI_94/adrSec_share0000<12>
                                                       XLXI_2/XLXI_94/Madd_adrSec_share0000_cy<12>
                                                       XLXI_2/XLXI_94/Madd_adrSec_share0000_cy<13>
    SLICE_X51Y48.CIN     net (fanout=1)        0.000   XLXI_2/XLXI_94/Madd_adrSec_share0000_cy<13>
    SLICE_X51Y48.COUT    Tbyp                  0.118   XLXI_2/XLXI_94/adrSec_share0000<14>
                                                       XLXI_2/XLXI_94/Madd_adrSec_share0000_cy<14>
                                                       XLXI_2/XLXI_94/Madd_adrSec_share0000_cy<15>
    SLICE_X51Y49.CIN     net (fanout=1)        0.000   XLXI_2/XLXI_94/Madd_adrSec_share0000_cy<15>
    SLICE_X51Y49.COUT    Tbyp                  0.118   XLXI_2/XLXI_94/adrSec_share0000<16>
                                                       XLXI_2/XLXI_94/Madd_adrSec_share0000_cy<16>
                                                       XLXI_2/XLXI_94/Madd_adrSec_share0000_cy<17>
    SLICE_X51Y50.CIN     net (fanout=1)        0.000   XLXI_2/XLXI_94/Madd_adrSec_share0000_cy<17>
    SLICE_X51Y50.COUT    Tbyp                  0.118   XLXI_2/XLXI_94/adrSec_share0000<18>
                                                       XLXI_2/XLXI_94/Madd_adrSec_share0000_cy<18>
                                                       XLXI_2/XLXI_94/Madd_adrSec_share0000_cy<19>
    SLICE_X51Y51.CIN     net (fanout=1)        0.000   XLXI_2/XLXI_94/Madd_adrSec_share0000_cy<19>
    SLICE_X51Y51.COUT    Tbyp                  0.118   XLXI_2/XLXI_94/adrSec_share0000<20>
                                                       XLXI_2/XLXI_94/Madd_adrSec_share0000_cy<20>
                                                       XLXI_2/XLXI_94/Madd_adrSec_share0000_cy<21>
    SLICE_X51Y52.CIN     net (fanout=1)        0.000   XLXI_2/XLXI_94/Madd_adrSec_share0000_cy<21>
    SLICE_X51Y52.COUT    Tbyp                  0.118   XLXI_2/XLXI_94/adrSec_share0000<22>
                                                       XLXI_2/XLXI_94/Madd_adrSec_share0000_cy<22>
                                                       XLXI_2/XLXI_94/Madd_adrSec_share0000_cy<23>
    SLICE_X51Y53.CIN     net (fanout=1)        0.000   XLXI_2/XLXI_94/Madd_adrSec_share0000_cy<23>
    SLICE_X51Y53.COUT    Tbyp                  0.118   XLXI_2/XLXI_94/adrSec_share0000<24>
                                                       XLXI_2/XLXI_94/Madd_adrSec_share0000_cy<24>
                                                       XLXI_2/XLXI_94/Madd_adrSec_share0000_cy<25>
    SLICE_X51Y54.CIN     net (fanout=1)        0.000   XLXI_2/XLXI_94/Madd_adrSec_share0000_cy<25>
    SLICE_X51Y54.COUT    Tbyp                  0.118   XLXI_2/XLXI_94/adrSec_share0000<26>
                                                       XLXI_2/XLXI_94/Madd_adrSec_share0000_cy<26>
                                                       XLXI_2/XLXI_94/Madd_adrSec_share0000_cy<27>
    SLICE_X51Y55.CIN     net (fanout=1)        0.000   XLXI_2/XLXI_94/Madd_adrSec_share0000_cy<27>
    SLICE_X51Y55.Y       Tciny                 0.869   XLXI_2/XLXI_94/adrSec_share0000<28>
                                                       XLXI_2/XLXI_94/Madd_adrSec_share0000_cy<28>
                                                       XLXI_2/XLXI_94/Madd_adrSec_share0000_xor<29>
    SLICE_X46Y59.G1      net (fanout=1)        0.660   XLXI_2/XLXI_94/adrSec_share0000<29>
    SLICE_X46Y59.CLK     Tgck                  0.892   XLXI_2/XLXI_94/adrSec<29>
                                                       XLXI_2/XLXI_94/adrSec_mux0004<29>23
                                                       XLXI_2/XLXI_94/adrSec_29
    -------------------------------------------------  ---------------------------
    Total                                     13.858ns (7.315ns logic, 6.543ns route)
                                                       (52.8% logic, 47.2% route)

--------------------------------------------------------------------------------
Slack (setup path):     6.223ns (requirement - (data path - clock path skew + uncertainty))
  Source:               XLXI_2/XLXI_94/State_21 (FF)
  Destination:          XLXI_2/XLXI_94/adrSec_29 (FF)
  Requirement:          20.000ns
  Data Path Delay:      13.741ns (Levels of Logic = 14)
  Clock Path Skew:      -0.036ns (0.084 - 0.120)
  Source Clock:         Clk_50MHz_BUFGP rising at 0.000ns
  Destination Clock:    Clk_50MHz_BUFGP rising at 20.000ns
  Clock Uncertainty:    0.000ns

  Maximum Data Path: XLXI_2/XLXI_94/State_21 to XLXI_2/XLXI_94/adrSec_29
    Location             Delay type         Delay(ns)  Physical Resource
                                                       Logical Resource(s)
    -------------------------------------------------  -------------------
    SLICE_X38Y44.YQ      Tcko                  0.652   XLXI_2/XLXI_94/State<21>
                                                       XLXI_2/XLXI_94/State_21
    SLICE_X49Y36.G2      net (fanout=79)       2.253   XLXI_2/XLXI_94/State<21>
    SLICE_X49Y36.Y       Tilo                  0.704   XLXI_2/XLXI_94/adrSec_mux0005<25>31
                                                       XLXI_2/XLXI_94/adrSec_or00001
    SLICE_X48Y41.G3      net (fanout=12)       1.214   XLXI_2/XLXI_94/adrSec_or0000
    SLICE_X48Y41.Y       Tilo                  0.759   XLXI_2/XLXI_94/adrSec_mux0005<26>16
                                                       XLXI_2/XLXI_94/adrSec_mux0005<25>25
    SLICE_X50Y47.G2      net (fanout=18)       1.939   XLXI_2/XLXI_94/N61
    SLICE_X50Y47.Y       Tilo                  0.759   XLXI_2/XLXI_94/adrSec_mux0005<18>
                                                       XLXI_2/XLXI_94/adrSec_mux0005<18>34
    SLICE_X50Y47.F3      net (fanout=2)        0.042   XLXI_2/XLXI_94/adrSec_mux0005<18>34
    SLICE_X50Y47.X       Tilo                  0.759   XLXI_2/XLXI_94/adrSec_mux0005<18>
                                                       XLXI_2/XLXI_94/adrSec_mux0005<18>44
    SLICE_X51Y47.BY      net (fanout=1)        0.441   XLXI_2/XLXI_94/adrSec_mux0005<18>
    SLICE_X51Y47.COUT    Tbycy                 0.972   XLXI_2/XLXI_94/adrSec_share0000<12>
                                                       XLXI_2/XLXI_94/Madd_adrSec_share0000_cy<13>
    SLICE_X51Y48.CIN     net (fanout=1)        0.000   XLXI_2/XLXI_94/Madd_adrSec_share0000_cy<13>
    SLICE_X51Y48.COUT    Tbyp                  0.118   XLXI_2/XLXI_94/adrSec_share0000<14>
                                                       XLXI_2/XLXI_94/Madd_adrSec_share0000_cy<14>
                                                       XLXI_2/XLXI_94/Madd_adrSec_share0000_cy<15>
    SLICE_X51Y49.CIN     net (fanout=1)        0.000   XLXI_2/XLXI_94/Madd_adrSec_share0000_cy<15>
    SLICE_X51Y49.COUT    Tbyp                  0.118   XLXI_2/XLXI_94/adrSec_share0000<16>
                                                       XLXI_2/XLXI_94/Madd_adrSec_share0000_cy<16>
                                                       XLXI_2/XLXI_94/Madd_adrSec_share0000_cy<17>
    SLICE_X51Y50.CIN     net (fanout=1)        0.000   XLXI_2/XLXI_94/Madd_adrSec_share0000_cy<17>
    SLICE_X51Y50.COUT    Tbyp                  0.118   XLXI_2/XLXI_94/adrSec_share0000<18>
                                                       XLXI_2/XLXI_94/Madd_adrSec_share0000_cy<18>
                                                       XLXI_2/XLXI_94/Madd_adrSec_share0000_cy<19>
    SLICE_X51Y51.CIN     net (fanout=1)        0.000   XLXI_2/XLXI_94/Madd_adrSec_share0000_cy<19>
    SLICE_X51Y51.COUT    Tbyp                  0.118   XLXI_2/XLXI_94/adrSec_share0000<20>
                                                       XLXI_2/XLXI_94/Madd_adrSec_share0000_cy<20>
                                                       XLXI_2/XLXI_94/Madd_adrSec_share0000_cy<21>
    SLICE_X51Y52.CIN     net (fanout=1)        0.000   XLXI_2/XLXI_94/Madd_adrSec_share0000_cy<21>
    SLICE_X51Y52.COUT    Tbyp                  0.118   XLXI_2/XLXI_94/adrSec_share0000<22>
                                                       XLXI_2/XLXI_94/Madd_adrSec_share0000_cy<22>
                                                       XLXI_2/XLXI_94/Madd_adrSec_share0000_cy<23>
    SLICE_X51Y53.CIN     net (fanout=1)        0.000   XLXI_2/XLXI_94/Madd_adrSec_share0000_cy<23>
    SLICE_X51Y53.COUT    Tbyp                  0.118   XLXI_2/XLXI_94/adrSec_share0000<24>
                                                       XLXI_2/XLXI_94/Madd_adrSec_share0000_cy<24>
                                                       XLXI_2/XLXI_94/Madd_adrSec_share0000_cy<25>
    SLICE_X51Y54.CIN     net (fanout=1)        0.000   XLXI_2/XLXI_94/Madd_adrSec_share0000_cy<25>
    SLICE_X51Y54.COUT    Tbyp                  0.118   XLXI_2/XLXI_94/adrSec_share0000<26>
                                                       XLXI_2/XLXI_94/Madd_adrSec_share0000_cy<26>
                                                       XLXI_2/XLXI_94/Madd_adrSec_share0000_cy<27>
    SLICE_X51Y55.CIN     net (fanout=1)        0.000   XLXI_2/XLXI_94/Madd_adrSec_share0000_cy<27>
    SLICE_X51Y55.Y       Tciny                 0.869   XLXI_2/XLXI_94/adrSec_share0000<28>
                                                       XLXI_2/XLXI_94/Madd_adrSec_share0000_cy<28>
                                                       XLXI_2/XLXI_94/Madd_adrSec_share0000_xor<29>
    SLICE_X46Y59.G1      net (fanout=1)        0.660   XLXI_2/XLXI_94/adrSec_share0000<29>
    SLICE_X46Y59.CLK     Tgck                  0.892   XLXI_2/XLXI_94/adrSec<29>
                                                       XLXI_2/XLXI_94/adrSec_mux0004<29>23
                                                       XLXI_2/XLXI_94/adrSec_29
    -------------------------------------------------  ---------------------------
    Total                                     13.741ns (7.192ns logic, 6.549ns route)
                                                       (52.3% logic, 47.7% route)

--------------------------------------------------------------------------------
Slack (setup path):     6.232ns (requirement - (data path - clock path skew + uncertainty))
  Source:               XLXI_2/XLXI_94/State_17 (FF)
  Destination:          XLXI_2/XLXI_94/adrSec_29 (FF)
  Requirement:          20.000ns
  Data Path Delay:      13.731ns (Levels of Logic = 14)
  Clock Path Skew:      -0.037ns (0.084 - 0.121)
  Source Clock:         Clk_50MHz_BUFGP rising at 0.000ns
  Destination Clock:    Clk_50MHz_BUFGP rising at 20.000ns
  Clock Uncertainty:    0.000ns

  Maximum Data Path: XLXI_2/XLXI_94/State_17 to XLXI_2/XLXI_94/adrSec_29
    Location             Delay type         Delay(ns)  Physical Resource
                                                       Logical Resource(s)
    -------------------------------------------------  -------------------
    SLICE_X37Y44.YQ      Tcko                  0.587   XLXI_2/XLXI_94/State<17>
                                                       XLXI_2/XLXI_94/State_17
    SLICE_X49Y36.G4      net (fanout=79)       2.191   XLXI_2/XLXI_94/State<17>
    SLICE_X49Y36.Y       Tilo                  0.704   XLXI_2/XLXI_94/adrSec_mux0005<25>31
                                                       XLXI_2/XLXI_94/adrSec_or00001
    SLICE_X48Y41.G3      net (fanout=12)       1.214   XLXI_2/XLXI_94/adrSec_or0000
    SLICE_X48Y41.Y       Tilo                  0.759   XLXI_2/XLXI_94/adrSec_mux0005<26>16
                                                       XLXI_2/XLXI_94/adrSec_mux0005<25>25
    SLICE_X50Y46.G2      net (fanout=18)       1.939   XLXI_2/XLXI_94/N61
    SLICE_X50Y46.Y       Tilo                  0.759   XLXI_2/XLXI_94/adrSec_mux0005<19>
                                                       XLXI_2/XLXI_94/adrSec_mux0005<19>34
    SLICE_X50Y46.F4      net (fanout=2)        0.044   XLXI_2/XLXI_94/adrSec_mux0005<19>34
    SLICE_X50Y46.X       Tilo                  0.759   XLXI_2/XLXI_94/adrSec_mux0005<19>
                                                       XLXI_2/XLXI_94/adrSec_mux0005<19>44
    SLICE_X51Y47.BX      net (fanout=1)        0.433   XLXI_2/XLXI_94/adrSec_mux0005<19>
    SLICE_X51Y47.COUT    Tbxcy                 1.095   XLXI_2/XLXI_94/adrSec_share0000<12>
                                                       XLXI_2/XLXI_94/Madd_adrSec_share0000_cy<12>
                                                       XLXI_2/XLXI_94/Madd_adrSec_share0000_cy<13>
    SLICE_X51Y48.CIN     net (fanout=1)        0.000   XLXI_2/XLXI_94/Madd_adrSec_share0000_cy<13>
    SLICE_X51Y48.COUT    Tbyp                  0.118   XLXI_2/XLXI_94/adrSec_share0000<14>
                                                       XLXI_2/XLXI_94/Madd_adrSec_share0000_cy<14>
                                                       XLXI_2/XLXI_94/Madd_adrSec_share0000_cy<15>
    SLICE_X51Y49.CIN     net (fanout=1)        0.000   XLXI_2/XLXI_94/Madd_adrSec_share0000_cy<15>
    SLICE_X51Y49.COUT    Tbyp                  0.118   XLXI_2/XLXI_94/adrSec_share0000<16>
                                                       XLXI_2/XLXI_94/Madd_adrSec_share0000_cy<16>
                                                       XLXI_2/XLXI_94/Madd_adrSec_share0000_cy<17>
    SLICE_X51Y50.CIN     net (fanout=1)        0.000   XLXI_2/XLXI_94/Madd_adrSec_share0000_cy<17>
    SLICE_X51Y50.COUT    Tbyp                  0.118   XLXI_2/XLXI_94/adrSec_share0000<18>
                                                       XLXI_2/XLXI_94/Madd_adrSec_share0000_cy<18>
                                                       XLXI_2/XLXI_94/Madd_adrSec_share0000_cy<19>
    SLICE_X51Y51.CIN     net (fanout=1)        0.000   XLXI_2/XLXI_94/Madd_adrSec_share0000_cy<19>
    SLICE_X51Y51.COUT    Tbyp                  0.118   XLXI_2/XLXI_94/adrSec_share0000<20>
                                                       XLXI_2/XLXI_94/Madd_adrSec_share0000_cy<20>
                                                       XLXI_2/XLXI_94/Madd_adrSec_share0000_cy<21>
    SLICE_X51Y52.CIN     net (fanout=1)        0.000   XLXI_2/XLXI_94/Madd_adrSec_share0000_cy<21>
    SLICE_X51Y52.COUT    Tbyp                  0.118   XLXI_2/XLXI_94/adrSec_share0000<22>
                                                       XLXI_2/XLXI_94/Madd_adrSec_share0000_cy<22>
                                                       XLXI_2/XLXI_94/Madd_adrSec_share0000_cy<23>
    SLICE_X51Y53.CIN     net (fanout=1)        0.000   XLXI_2/XLXI_94/Madd_adrSec_share0000_cy<23>
    SLICE_X51Y53.COUT    Tbyp                  0.118   XLXI_2/XLXI_94/adrSec_share0000<24>
                                                       XLXI_2/XLXI_94/Madd_adrSec_share0000_cy<24>
                                                       XLXI_2/XLXI_94/Madd_adrSec_share0000_cy<25>
    SLICE_X51Y54.CIN     net (fanout=1)        0.000   XLXI_2/XLXI_94/Madd_adrSec_share0000_cy<25>
    SLICE_X51Y54.COUT    Tbyp                  0.118   XLXI_2/XLXI_94/adrSec_share0000<26>
                                                       XLXI_2/XLXI_94/Madd_adrSec_share0000_cy<26>
                                                       XLXI_2/XLXI_94/Madd_adrSec_share0000_cy<27>
    SLICE_X51Y55.CIN     net (fanout=1)        0.000   XLXI_2/XLXI_94/Madd_adrSec_share0000_cy<27>
    SLICE_X51Y55.Y       Tciny                 0.869   XLXI_2/XLXI_94/adrSec_share0000<28>
                                                       XLXI_2/XLXI_94/Madd_adrSec_share0000_cy<28>
                                                       XLXI_2/XLXI_94/Madd_adrSec_share0000_xor<29>
    SLICE_X46Y59.G1      net (fanout=1)        0.660   XLXI_2/XLXI_94/adrSec_share0000<29>
    SLICE_X46Y59.CLK     Tgck                  0.892   XLXI_2/XLXI_94/adrSec<29>
                                                       XLXI_2/XLXI_94/adrSec_mux0004<29>23
                                                       XLXI_2/XLXI_94/adrSec_29
    -------------------------------------------------  ---------------------------
    Total                                     13.731ns (7.250ns logic, 6.481ns route)
                                                       (52.8% logic, 47.2% route)

--------------------------------------------------------------------------------

Paths for end point XLXI_2/XLXI_94/adrSec_28 (SLICE_X42Y52.G1), 1419 paths
--------------------------------------------------------------------------------
Slack (setup path):     6.259ns (requirement - (data path - clock path skew + uncertainty))
  Source:               XLXI_2/XLXI_94/State_21 (FF)
  Destination:          XLXI_2/XLXI_94/adrSec_28 (FF)
  Requirement:          20.000ns
  Data Path Delay:      13.728ns (Levels of Logic = 14)
  Clock Path Skew:      -0.013ns (0.107 - 0.120)
  Source Clock:         Clk_50MHz_BUFGP rising at 0.000ns
  Destination Clock:    Clk_50MHz_BUFGP rising at 20.000ns
  Clock Uncertainty:    0.000ns

  Maximum Data Path: XLXI_2/XLXI_94/State_21 to XLXI_2/XLXI_94/adrSec_28
    Location             Delay type         Delay(ns)  Physical Resource
                                                       Logical Resource(s)
    -------------------------------------------------  -------------------
    SLICE_X38Y44.YQ      Tcko                  0.652   XLXI_2/XLXI_94/State<21>
                                                       XLXI_2/XLXI_94/State_21
    SLICE_X49Y36.G2      net (fanout=79)       2.253   XLXI_2/XLXI_94/State<21>
    SLICE_X49Y36.Y       Tilo                  0.704   XLXI_2/XLXI_94/adrSec_mux0005<25>31
                                                       XLXI_2/XLXI_94/adrSec_or00001
    SLICE_X48Y41.G3      net (fanout=12)       1.214   XLXI_2/XLXI_94/adrSec_or0000
    SLICE_X48Y41.Y       Tilo                  0.759   XLXI_2/XLXI_94/adrSec_mux0005<26>16
                                                       XLXI_2/XLXI_94/adrSec_mux0005<25>25
    SLICE_X50Y46.G2      net (fanout=18)       1.939   XLXI_2/XLXI_94/N61
    SLICE_X50Y46.Y       Tilo                  0.759   XLXI_2/XLXI_94/adrSec_mux0005<19>
                                                       XLXI_2/XLXI_94/adrSec_mux0005<19>34
    SLICE_X50Y46.F4      net (fanout=2)        0.044   XLXI_2/XLXI_94/adrSec_mux0005<19>34
    SLICE_X50Y46.X       Tilo                  0.759   XLXI_2/XLXI_94/adrSec_mux0005<19>
                                                       XLXI_2/XLXI_94/adrSec_mux0005<19>44
    SLICE_X51Y47.BX      net (fanout=1)        0.433   XLXI_2/XLXI_94/adrSec_mux0005<19>
    SLICE_X51Y47.COUT    Tbxcy                 1.095   XLXI_2/XLXI_94/adrSec_share0000<12>
                                                       XLXI_2/XLXI_94/Madd_adrSec_share0000_cy<12>
                                                       XLXI_2/XLXI_94/Madd_adrSec_share0000_cy<13>
    SLICE_X51Y48.CIN     net (fanout=1)        0.000   XLXI_2/XLXI_94/Madd_adrSec_share0000_cy<13>
    SLICE_X51Y48.COUT    Tbyp                  0.118   XLXI_2/XLXI_94/adrSec_share0000<14>
                                                       XLXI_2/XLXI_94/Madd_adrSec_share0000_cy<14>
                                                       XLXI_2/XLXI_94/Madd_adrSec_share0000_cy<15>
    SLICE_X51Y49.CIN     net (fanout=1)        0.000   XLXI_2/XLXI_94/Madd_adrSec_share0000_cy<15>
    SLICE_X51Y49.COUT    Tbyp                  0.118   XLXI_2/XLXI_94/adrSec_share0000<16>
                                                       XLXI_2/XLXI_94/Madd_adrSec_share0000_cy<16>
                                                       XLXI_2/XLXI_94/Madd_adrSec_share0000_cy<17>
    SLICE_X51Y50.CIN     net (fanout=1)        0.000   XLXI_2/XLXI_94/Madd_adrSec_share0000_cy<17>
    SLICE_X51Y50.COUT    Tbyp                  0.118   XLXI_2/XLXI_94/adrSec_share0000<18>
                                                       XLXI_2/XLXI_94/Madd_adrSec_share0000_cy<18>
                                                       XLXI_2/XLXI_94/Madd_adrSec_share0000_cy<19>
    SLICE_X51Y51.CIN     net (fanout=1)        0.000   XLXI_2/XLXI_94/Madd_adrSec_share0000_cy<19>
    SLICE_X51Y51.COUT    Tbyp                  0.118   XLXI_2/XLXI_94/adrSec_share0000<20>
                                                       XLXI_2/XLXI_94/Madd_adrSec_share0000_cy<20>
                                                       XLXI_2/XLXI_94/Madd_adrSec_share0000_cy<21>
    SLICE_X51Y52.CIN     net (fanout=1)        0.000   XLXI_2/XLXI_94/Madd_adrSec_share0000_cy<21>
    SLICE_X51Y52.COUT    Tbyp                  0.118   XLXI_2/XLXI_94/adrSec_share0000<22>
                                                       XLXI_2/XLXI_94/Madd_adrSec_share0000_cy<22>
                                                       XLXI_2/XLXI_94/Madd_adrSec_share0000_cy<23>
    SLICE_X51Y53.CIN     net (fanout=1)        0.000   XLXI_2/XLXI_94/Madd_adrSec_share0000_cy<23>
    SLICE_X51Y53.COUT    Tbyp                  0.118   XLXI_2/XLXI_94/adrSec_share0000<24>
                                                       XLXI_2/XLXI_94/Madd_adrSec_share0000_cy<24>
                                                       XLXI_2/XLXI_94/Madd_adrSec_share0000_cy<25>
    SLICE_X51Y54.CIN     net (fanout=1)        0.000   XLXI_2/XLXI_94/Madd_adrSec_share0000_cy<25>
    SLICE_X51Y54.COUT    Tbyp                  0.118   XLXI_2/XLXI_94/adrSec_share0000<26>
                                                       XLXI_2/XLXI_94/Madd_adrSec_share0000_cy<26>
                                                       XLXI_2/XLXI_94/Madd_adrSec_share0000_cy<27>
    SLICE_X51Y55.CIN     net (fanout=1)        0.000   XLXI_2/XLXI_94/Madd_adrSec_share0000_cy<27>
    SLICE_X51Y55.X       Tcinx                 0.462   XLXI_2/XLXI_94/adrSec_share0000<28>
                                                       XLXI_2/XLXI_94/Madd_adrSec_share0000_xor<28>
    SLICE_X42Y52.G1      net (fanout=1)        0.937   XLXI_2/XLXI_94/adrSec_share0000<28>
    SLICE_X42Y52.CLK     Tgck                  0.892   XLXI_2/XLXI_94/adrSec<28>
                                                       XLXI_2/XLXI_94/adrSec_mux0004<28>23
                                                       XLXI_2/XLXI_94/adrSec_28
    -------------------------------------------------  ---------------------------
    Total                                     13.728ns (6.908ns logic, 6.820ns route)
                                                       (50.3% logic, 49.7% route)

--------------------------------------------------------------------------------
Slack (setup path):     6.376ns (requirement - (data path - clock path skew + uncertainty))
  Source:               XLXI_2/XLXI_94/State_21 (FF)
  Destination:          XLXI_2/XLXI_94/adrSec_28 (FF)
  Requirement:          20.000ns
  Data Path Delay:      13.611ns (Levels of Logic = 14)
  Clock Path Skew:      -0.013ns (0.107 - 0.120)
  Source Clock:         Clk_50MHz_BUFGP rising at 0.000ns
  Destination Clock:    Clk_50MHz_BUFGP rising at 20.000ns
  Clock Uncertainty:    0.000ns

  Maximum Data Path: XLXI_2/XLXI_94/State_21 to XLXI_2/XLXI_94/adrSec_28
    Location             Delay type         Delay(ns)  Physical Resource
                                                       Logical Resource(s)
    -------------------------------------------------  -------------------
    SLICE_X38Y44.YQ      Tcko                  0.652   XLXI_2/XLXI_94/State<21>
                                                       XLXI_2/XLXI_94/State_21
    SLICE_X49Y36.G2      net (fanout=79)       2.253   XLXI_2/XLXI_94/State<21>
    SLICE_X49Y36.Y       Tilo                  0.704   XLXI_2/XLXI_94/adrSec_mux0005<25>31
                                                       XLXI_2/XLXI_94/adrSec_or00001
    SLICE_X48Y41.G3      net (fanout=12)       1.214   XLXI_2/XLXI_94/adrSec_or0000
    SLICE_X48Y41.Y       Tilo                  0.759   XLXI_2/XLXI_94/adrSec_mux0005<26>16
                                                       XLXI_2/XLXI_94/adrSec_mux0005<25>25
    SLICE_X50Y47.G2      net (fanout=18)       1.939   XLXI_2/XLXI_94/N61
    SLICE_X50Y47.Y       Tilo                  0.759   XLXI_2/XLXI_94/adrSec_mux0005<18>
                                                       XLXI_2/XLXI_94/adrSec_mux0005<18>34
    SLICE_X50Y47.F3      net (fanout=2)        0.042   XLXI_2/XLXI_94/adrSec_mux0005<18>34
    SLICE_X50Y47.X       Tilo                  0.759   XLXI_2/XLXI_94/adrSec_mux0005<18>
                                                       XLXI_2/XLXI_94/adrSec_mux0005<18>44
    SLICE_X51Y47.BY      net (fanout=1)        0.441   XLXI_2/XLXI_94/adrSec_mux0005<18>
    SLICE_X51Y47.COUT    Tbycy                 0.972   XLXI_2/XLXI_94/adrSec_share0000<12>
                                                       XLXI_2/XLXI_94/Madd_adrSec_share0000_cy<13>
    SLICE_X51Y48.CIN     net (fanout=1)        0.000   XLXI_2/XLXI_94/Madd_adrSec_share0000_cy<13>
    SLICE_X51Y48.COUT    Tbyp                  0.118   XLXI_2/XLXI_94/adrSec_share0000<14>
                                                       XLXI_2/XLXI_94/Madd_adrSec_share0000_cy<14>
                                                       XLXI_2/XLXI_94/Madd_adrSec_share0000_cy<15>
    SLICE_X51Y49.CIN     net (fanout=1)        0.000   XLXI_2/XLXI_94/Madd_adrSec_share0000_cy<15>
    SLICE_X51Y49.COUT    Tbyp                  0.118   XLXI_2/XLXI_94/adrSec_share0000<16>
                                                       XLXI_2/XLXI_94/Madd_adrSec_share0000_cy<16>
                                                       XLXI_2/XLXI_94/Madd_adrSec_share0000_cy<17>
    SLICE_X51Y50.CIN     net (fanout=1)        0.000   XLXI_2/XLXI_94/Madd_adrSec_share0000_cy<17>
    SLICE_X51Y50.COUT    Tbyp                  0.118   XLXI_2/XLXI_94/adrSec_share0000<18>
                                                       XLXI_2/XLXI_94/Madd_adrSec_share0000_cy<18>
                                                       XLXI_2/XLXI_94/Madd_adrSec_share0000_cy<19>
    SLICE_X51Y51.CIN     net (fanout=1)        0.000   XLXI_2/XLXI_94/Madd_adrSec_share0000_cy<19>
    SLICE_X51Y51.COUT    Tbyp                  0.118   XLXI_2/XLXI_94/adrSec_share0000<20>
                                                       XLXI_2/XLXI_94/Madd_adrSec_share0000_cy<20>
                                                       XLXI_2/XLXI_94/Madd_adrSec_share0000_cy<21>
    SLICE_X51Y52.CIN     net (fanout=1)        0.000   XLXI_2/XLXI_94/Madd_adrSec_share0000_cy<21>
    SLICE_X51Y52.COUT    Tbyp                  0.118   XLXI_2/XLXI_94/adrSec_share0000<22>
                                                       XLXI_2/XLXI_94/Madd_adrSec_share0000_cy<22>
                                                       XLXI_2/XLXI_94/Madd_adrSec_share0000_cy<23>
    SLICE_X51Y53.CIN     net (fanout=1)        0.000   XLXI_2/XLXI_94/Madd_adrSec_share0000_cy<23>
    SLICE_X51Y53.COUT    Tbyp                  0.118   XLXI_2/XLXI_94/adrSec_share0000<24>
                                                       XLXI_2/XLXI_94/Madd_adrSec_share0000_cy<24>
                                                       XLXI_2/XLXI_94/Madd_adrSec_share0000_cy<25>
    SLICE_X51Y54.CIN     net (fanout=1)        0.000   XLXI_2/XLXI_94/Madd_adrSec_share0000_cy<25>
    SLICE_X51Y54.COUT    Tbyp                  0.118   XLXI_2/XLXI_94/adrSec_share0000<26>
                                                       XLXI_2/XLXI_94/Madd_adrSec_share0000_cy<26>
                                                       XLXI_2/XLXI_94/Madd_adrSec_share0000_cy<27>
    SLICE_X51Y55.CIN     net (fanout=1)        0.000   XLXI_2/XLXI_94/Madd_adrSec_share0000_cy<27>
    SLICE_X51Y55.X       Tcinx                 0.462   XLXI_2/XLXI_94/adrSec_share0000<28>
                                                       XLXI_2/XLXI_94/Madd_adrSec_share0000_xor<28>
    SLICE_X42Y52.G1      net (fanout=1)        0.937   XLXI_2/XLXI_94/adrSec_share0000<28>
    SLICE_X42Y52.CLK     Tgck                  0.892   XLXI_2/XLXI_94/adrSec<28>
                                                       XLXI_2/XLXI_94/adrSec_mux0004<28>23
                                                       XLXI_2/XLXI_94/adrSec_28
    -------------------------------------------------  ---------------------------
    Total                                     13.611ns (6.785ns logic, 6.826ns route)
                                                       (49.8% logic, 50.2% route)

--------------------------------------------------------------------------------
Slack (setup path):     6.385ns (requirement - (data path - clock path skew + uncertainty))
  Source:               XLXI_2/XLXI_94/State_17 (FF)
  Destination:          XLXI_2/XLXI_94/adrSec_28 (FF)
  Requirement:          20.000ns
  Data Path Delay:      13.601ns (Levels of Logic = 14)
  Clock Path Skew:      -0.014ns (0.107 - 0.121)
  Source Clock:         Clk_50MHz_BUFGP rising at 0.000ns
  Destination Clock:    Clk_50MHz_BUFGP rising at 20.000ns
  Clock Uncertainty:    0.000ns

  Maximum Data Path: XLXI_2/XLXI_94/State_17 to XLXI_2/XLXI_94/adrSec_28
    Location             Delay type         Delay(ns)  Physical Resource
                                                       Logical Resource(s)
    -------------------------------------------------  -------------------
    SLICE_X37Y44.YQ      Tcko                  0.587   XLXI_2/XLXI_94/State<17>
                                                       XLXI_2/XLXI_94/State_17
    SLICE_X49Y36.G4      net (fanout=79)       2.191   XLXI_2/XLXI_94/State<17>
    SLICE_X49Y36.Y       Tilo                  0.704   XLXI_2/XLXI_94/adrSec_mux0005<25>31
                                                       XLXI_2/XLXI_94/adrSec_or00001
    SLICE_X48Y41.G3      net (fanout=12)       1.214   XLXI_2/XLXI_94/adrSec_or0000
    SLICE_X48Y41.Y       Tilo                  0.759   XLXI_2/XLXI_94/adrSec_mux0005<26>16
                                                       XLXI_2/XLXI_94/adrSec_mux0005<25>25
    SLICE_X50Y46.G2      net (fanout=18)       1.939   XLXI_2/XLXI_94/N61
    SLICE_X50Y46.Y       Tilo                  0.759   XLXI_2/XLXI_94/adrSec_mux0005<19>
                                                       XLXI_2/XLXI_94/adrSec_mux0005<19>34
    SLICE_X50Y46.F4      net (fanout=2)        0.044   XLXI_2/XLXI_94/adrSec_mux0005<19>34
    SLICE_X50Y46.X       Tilo                  0.759   XLXI_2/XLXI_94/adrSec_mux0005<19>
                                                       XLXI_2/XLXI_94/adrSec_mux0005<19>44
    SLICE_X51Y47.BX      net (fanout=1)        0.433   XLXI_2/XLXI_94/adrSec_mux0005<19>
    SLICE_X51Y47.COUT    Tbxcy                 1.095   XLXI_2/XLXI_94/adrSec_share0000<12>
                                                       XLXI_2/XLXI_94/Madd_adrSec_share0000_cy<12>
                                                       XLXI_2/XLXI_94/Madd_adrSec_share0000_cy<13>
    SLICE_X51Y48.CIN     net (fanout=1)        0.000   XLXI_2/XLXI_94/Madd_adrSec_share0000_cy<13>
    SLICE_X51Y48.COUT    Tbyp                  0.118   XLXI_2/XLXI_94/adrSec_share0000<14>
                                                       XLXI_2/XLXI_94/Madd_adrSec_share0000_cy<14>
                                                       XLXI_2/XLXI_94/Madd_adrSec_share0000_cy<15>
    SLICE_X51Y49.CIN     net (fanout=1)        0.000   XLXI_2/XLXI_94/Madd_adrSec_share0000_cy<15>
    SLICE_X51Y49.COUT    Tbyp                  0.118   XLXI_2/XLXI_94/adrSec_share0000<16>
                                                       XLXI_2/XLXI_94/Madd_adrSec_share0000_cy<16>
                                                       XLXI_2/XLXI_94/Madd_adrSec_share0000_cy<17>
    SLICE_X51Y50.CIN     net (fanout=1)        0.000   XLXI_2/XLXI_94/Madd_adrSec_share0000_cy<17>
    SLICE_X51Y50.COUT    Tbyp                  0.118   XLXI_2/XLXI_94/adrSec_share0000<18>
                                                       XLXI_2/XLXI_94/Madd_adrSec_share0000_cy<18>
                                                       XLXI_2/XLXI_94/Madd_adrSec_share0000_cy<19>
    SLICE_X51Y51.CIN     net (fanout=1)        0.000   XLXI_2/XLXI_94/Madd_adrSec_share0000_cy<19>
    SLICE_X51Y51.COUT    Tbyp                  0.118   XLXI_2/XLXI_94/adrSec_share0000<20>
                                                       XLXI_2/XLXI_94/Madd_adrSec_share0000_cy<20>
                                                       XLXI_2/XLXI_94/Madd_adrSec_share0000_cy<21>
    SLICE_X51Y52.CIN     net (fanout=1)        0.000   XLXI_2/XLXI_94/Madd_adrSec_share0000_cy<21>
    SLICE_X51Y52.COUT    Tbyp                  0.118   XLXI_2/XLXI_94/adrSec_share0000<22>
                                                       XLXI_2/XLXI_94/Madd_adrSec_share0000_cy<22>
                                                       XLXI_2/XLXI_94/Madd_adrSec_share0000_cy<23>
    SLICE_X51Y53.CIN     net (fanout=1)        0.000   XLXI_2/XLXI_94/Madd_adrSec_share0000_cy<23>
    SLICE_X51Y53.COUT    Tbyp                  0.118   XLXI_2/XLXI_94/adrSec_share0000<24>
                                                       XLXI_2/XLXI_94/Madd_adrSec_share0000_cy<24>
                                                       XLXI_2/XLXI_94/Madd_adrSec_share0000_cy<25>
    SLICE_X51Y54.CIN     net (fanout=1)        0.000   XLXI_2/XLXI_94/Madd_adrSec_share0000_cy<25>
    SLICE_X51Y54.COUT    Tbyp                  0.118   XLXI_2/XLXI_94/adrSec_share0000<26>
                                                       XLXI_2/XLXI_94/Madd_adrSec_share0000_cy<26>
                                                       XLXI_2/XLXI_94/Madd_adrSec_share0000_cy<27>
    SLICE_X51Y55.CIN     net (fanout=1)        0.000   XLXI_2/XLXI_94/Madd_adrSec_share0000_cy<27>
    SLICE_X51Y55.X       Tcinx                 0.462   XLXI_2/XLXI_94/adrSec_share0000<28>
                                                       XLXI_2/XLXI_94/Madd_adrSec_share0000_xor<28>
    SLICE_X42Y52.G1      net (fanout=1)        0.937   XLXI_2/XLXI_94/adrSec_share0000<28>
    SLICE_X42Y52.CLK     Tgck                  0.892   XLXI_2/XLXI_94/adrSec<28>
                                                       XLXI_2/XLXI_94/adrSec_mux0004<28>23
                                                       XLXI_2/XLXI_94/adrSec_28
    -------------------------------------------------  ---------------------------
    Total                                     13.601ns (6.843ns logic, 6.758ns route)
                                                       (50.3% logic, 49.7% route)

--------------------------------------------------------------------------------

Paths for end point XLXI_2/XLXI_94/adrSec_21 (SLICE_X51Y63.G2), 1090 paths
--------------------------------------------------------------------------------
Slack (setup path):     6.279ns (requirement - (data path - clock path skew + uncertainty))
  Source:               XLXI_2/XLXI_94/State_21 (FF)
  Destination:          XLXI_2/XLXI_94/adrSec_21 (FF)
  Requirement:          20.000ns
  Data Path Delay:      13.676ns (Levels of Logic = 10)
  Clock Path Skew:      -0.045ns (0.075 - 0.120)
  Source Clock:         Clk_50MHz_BUFGP rising at 0.000ns
  Destination Clock:    Clk_50MHz_BUFGP rising at 20.000ns
  Clock Uncertainty:    0.000ns

  Maximum Data Path: XLXI_2/XLXI_94/State_21 to XLXI_2/XLXI_94/adrSec_21
    Location             Delay type         Delay(ns)  Physical Resource
                                                       Logical Resource(s)
    -------------------------------------------------  -------------------
    SLICE_X38Y44.YQ      Tcko                  0.652   XLXI_2/XLXI_94/State<21>
                                                       XLXI_2/XLXI_94/State_21
    SLICE_X49Y36.G2      net (fanout=79)       2.253   XLXI_2/XLXI_94/State<21>
    SLICE_X49Y36.Y       Tilo                  0.704   XLXI_2/XLXI_94/adrSec_mux0005<25>31
                                                       XLXI_2/XLXI_94/adrSec_or00001
    SLICE_X48Y41.G3      net (fanout=12)       1.214   XLXI_2/XLXI_94/adrSec_or0000
    SLICE_X48Y41.Y       Tilo                  0.759   XLXI_2/XLXI_94/adrSec_mux0005<26>16
                                                       XLXI_2/XLXI_94/adrSec_mux0005<25>25
    SLICE_X50Y46.G2      net (fanout=18)       1.939   XLXI_2/XLXI_94/N61
    SLICE_X50Y46.Y       Tilo                  0.759   XLXI_2/XLXI_94/adrSec_mux0005<19>
                                                       XLXI_2/XLXI_94/adrSec_mux0005<19>34
    SLICE_X50Y46.F4      net (fanout=2)        0.044   XLXI_2/XLXI_94/adrSec_mux0005<19>34
    SLICE_X50Y46.X       Tilo                  0.759   XLXI_2/XLXI_94/adrSec_mux0005<19>
                                                       XLXI_2/XLXI_94/adrSec_mux0005<19>44
    SLICE_X51Y47.BX      net (fanout=1)        0.433   XLXI_2/XLXI_94/adrSec_mux0005<19>
    SLICE_X51Y47.COUT    Tbxcy                 1.095   XLXI_2/XLXI_94/adrSec_share0000<12>
                                                       XLXI_2/XLXI_94/Madd_adrSec_share0000_cy<12>
                                                       XLXI_2/XLXI_94/Madd_adrSec_share0000_cy<13>
    SLICE_X51Y48.CIN     net (fanout=1)        0.000   XLXI_2/XLXI_94/Madd_adrSec_share0000_cy<13>
    SLICE_X51Y48.COUT    Tbyp                  0.118   XLXI_2/XLXI_94/adrSec_share0000<14>
                                                       XLXI_2/XLXI_94/Madd_adrSec_share0000_cy<14>
                                                       XLXI_2/XLXI_94/Madd_adrSec_share0000_cy<15>
    SLICE_X51Y49.CIN     net (fanout=1)        0.000   XLXI_2/XLXI_94/Madd_adrSec_share0000_cy<15>
    SLICE_X51Y49.COUT    Tbyp                  0.118   XLXI_2/XLXI_94/adrSec_share0000<16>
                                                       XLXI_2/XLXI_94/Madd_adrSec_share0000_cy<16>
                                                       XLXI_2/XLXI_94/Madd_adrSec_share0000_cy<17>
    SLICE_X51Y50.CIN     net (fanout=1)        0.000   XLXI_2/XLXI_94/Madd_adrSec_share0000_cy<17>
    SLICE_X51Y50.COUT    Tbyp                  0.118   XLXI_2/XLXI_94/adrSec_share0000<18>
                                                       XLXI_2/XLXI_94/Madd_adrSec_share0000_cy<18>
                                                       XLXI_2/XLXI_94/Madd_adrSec_share0000_cy<19>
    SLICE_X51Y51.CIN     net (fanout=1)        0.000   XLXI_2/XLXI_94/Madd_adrSec_share0000_cy<19>
    SLICE_X51Y51.Y       Tciny                 0.869   XLXI_2/XLXI_94/adrSec_share0000<20>
                                                       XLXI_2/XLXI_94/Madd_adrSec_share0000_cy<20>
                                                       XLXI_2/XLXI_94/Madd_adrSec_share0000_xor<21>
    SLICE_X51Y63.G2      net (fanout=1)        1.005   XLXI_2/XLXI_94/adrSec_share0000<21>
    SLICE_X51Y63.CLK     Tgck                  0.837   XLXI_2/XLXI_94/adrSec<21>
                                                       XLXI_2/XLXI_94/adrSec_mux0004<21>23
                                                       XLXI_2/XLXI_94/adrSec_21
    -------------------------------------------------  ---------------------------
    Total                                     13.676ns (6.788ns logic, 6.888ns route)
                                                       (49.6% logic, 50.4% route)

--------------------------------------------------------------------------------
Slack (setup path):     6.396ns (requirement - (data path - clock path skew + uncertainty))
  Source:               XLXI_2/XLXI_94/State_21 (FF)
  Destination:          XLXI_2/XLXI_94/adrSec_21 (FF)
  Requirement:          20.000ns
  Data Path Delay:      13.559ns (Levels of Logic = 10)
  Clock Path Skew:      -0.045ns (0.075 - 0.120)
  Source Clock:         Clk_50MHz_BUFGP rising at 0.000ns
  Destination Clock:    Clk_50MHz_BUFGP rising at 20.000ns
  Clock Uncertainty:    0.000ns

  Maximum Data Path: XLXI_2/XLXI_94/State_21 to XLXI_2/XLXI_94/adrSec_21
    Location             Delay type         Delay(ns)  Physical Resource
                                                       Logical Resource(s)
    -------------------------------------------------  -------------------
    SLICE_X38Y44.YQ      Tcko                  0.652   XLXI_2/XLXI_94/State<21>
                                                       XLXI_2/XLXI_94/State_21
    SLICE_X49Y36.G2      net (fanout=79)       2.253   XLXI_2/XLXI_94/State<21>
    SLICE_X49Y36.Y       Tilo                  0.704   XLXI_2/XLXI_94/adrSec_mux0005<25>31
                                                       XLXI_2/XLXI_94/adrSec_or00001
    SLICE_X48Y41.G3      net (fanout=12)       1.214   XLXI_2/XLXI_94/adrSec_or0000
    SLICE_X48Y41.Y       Tilo                  0.759   XLXI_2/XLXI_94/adrSec_mux0005<26>16
                                                       XLXI_2/XLXI_94/adrSec_mux0005<25>25
    SLICE_X50Y47.G2      net (fanout=18)       1.939   XLXI_2/XLXI_94/N61
    SLICE_X50Y47.Y       Tilo                  0.759   XLXI_2/XLXI_94/adrSec_mux0005<18>
                                                       XLXI_2/XLXI_94/adrSec_mux0005<18>34
    SLICE_X50Y47.F3      net (fanout=2)        0.042   XLXI_2/XLXI_94/adrSec_mux0005<18>34
    SLICE_X50Y47.X       Tilo                  0.759   XLXI_2/XLXI_94/adrSec_mux0005<18>
                                                       XLXI_2/XLXI_94/adrSec_mux0005<18>44
    SLICE_X51Y47.BY      net (fanout=1)        0.441   XLXI_2/XLXI_94/adrSec_mux0005<18>
    SLICE_X51Y47.COUT    Tbycy                 0.972   XLXI_2/XLXI_94/adrSec_share0000<12>
                                                       XLXI_2/XLXI_94/Madd_adrSec_share0000_cy<13>
    SLICE_X51Y48.CIN     net (fanout=1)        0.000   XLXI_2/XLXI_94/Madd_adrSec_share0000_cy<13>
    SLICE_X51Y48.COUT    Tbyp                  0.118   XLXI_2/XLXI_94/adrSec_share0000<14>
                                                       XLXI_2/XLXI_94/Madd_adrSec_share0000_cy<14>
                                                       XLXI_2/XLXI_94/Madd_adrSec_share0000_cy<15>
    SLICE_X51Y49.CIN     net (fanout=1)        0.000   XLXI_2/XLXI_94/Madd_adrSec_share0000_cy<15>
    SLICE_X51Y49.COUT    Tbyp                  0.118   XLXI_2/XLXI_94/adrSec_share0000<16>
                                                       XLXI_2/XLXI_94/Madd_adrSec_share0000_cy<16>
                                                       XLXI_2/XLXI_94/Madd_adrSec_share0000_cy<17>
    SLICE_X51Y50.CIN     net (fanout=1)        0.000   XLXI_2/XLXI_94/Madd_adrSec_share0000_cy<17>
    SLICE_X51Y50.COUT    Tbyp                  0.118   XLXI_2/XLXI_94/adrSec_share0000<18>
                                                       XLXI_2/XLXI_94/Madd_adrSec_share0000_cy<18>
                                                       XLXI_2/XLXI_94/Madd_adrSec_share0000_cy<19>
    SLICE_X51Y51.CIN     net (fanout=1)        0.000   XLXI_2/XLXI_94/Madd_adrSec_share0000_cy<19>
    SLICE_X51Y51.Y       Tciny                 0.869   XLXI_2/XLXI_94/adrSec_share0000<20>
                                                       XLXI_2/XLXI_94/Madd_adrSec_share0000_cy<20>
                                                       XLXI_2/XLXI_94/Madd_adrSec_share0000_xor<21>
    SLICE_X51Y63.G2      net (fanout=1)        1.005   XLXI_2/XLXI_94/adrSec_share0000<21>
    SLICE_X51Y63.CLK     Tgck                  0.837   XLXI_2/XLXI_94/adrSec<21>
                                                       XLXI_2/XLXI_94/adrSec_mux0004<21>23
                                                       XLXI_2/XLXI_94/adrSec_21
    -------------------------------------------------  ---------------------------
    Total                                     13.559ns (6.665ns logic, 6.894ns route)
                                                       (49.2% logic, 50.8% route)

--------------------------------------------------------------------------------
Slack (setup path):     6.405ns (requirement - (data path - clock path skew + uncertainty))
  Source:               XLXI_2/XLXI_94/State_17 (FF)
  Destination:          XLXI_2/XLXI_94/adrSec_21 (FF)
  Requirement:          20.000ns
  Data Path Delay:      13.549ns (Levels of Logic = 10)
  Clock Path Skew:      -0.046ns (0.075 - 0.121)
  Source Clock:         Clk_50MHz_BUFGP rising at 0.000ns
  Destination Clock:    Clk_50MHz_BUFGP rising at 20.000ns
  Clock Uncertainty:    0.000ns

  Maximum Data Path: XLXI_2/XLXI_94/State_17 to XLXI_2/XLXI_94/adrSec_21
    Location             Delay type         Delay(ns)  Physical Resource
                                                       Logical Resource(s)
    -------------------------------------------------  -------------------
    SLICE_X37Y44.YQ      Tcko                  0.587   XLXI_2/XLXI_94/State<17>
                                                       XLXI_2/XLXI_94/State_17
    SLICE_X49Y36.G4      net (fanout=79)       2.191   XLXI_2/XLXI_94/State<17>
    SLICE_X49Y36.Y       Tilo                  0.704   XLXI_2/XLXI_94/adrSec_mux0005<25>31
                                                       XLXI_2/XLXI_94/adrSec_or00001
    SLICE_X48Y41.G3      net (fanout=12)       1.214   XLXI_2/XLXI_94/adrSec_or0000
    SLICE_X48Y41.Y       Tilo                  0.759   XLXI_2/XLXI_94/adrSec_mux0005<26>16
                                                       XLXI_2/XLXI_94/adrSec_mux0005<25>25
    SLICE_X50Y46.G2      net (fanout=18)       1.939   XLXI_2/XLXI_94/N61
    SLICE_X50Y46.Y       Tilo                  0.759   XLXI_2/XLXI_94/adrSec_mux0005<19>
                                                       XLXI_2/XLXI_94/adrSec_mux0005<19>34
    SLICE_X50Y46.F4      net (fanout=2)        0.044   XLXI_2/XLXI_94/adrSec_mux0005<19>34
    SLICE_X50Y46.X       Tilo                  0.759   XLXI_2/XLXI_94/adrSec_mux0005<19>
                                                       XLXI_2/XLXI_94/adrSec_mux0005<19>44
    SLICE_X51Y47.BX      net (fanout=1)        0.433   XLXI_2/XLXI_94/adrSec_mux0005<19>
    SLICE_X51Y47.COUT    Tbxcy                 1.095   XLXI_2/XLXI_94/adrSec_share0000<12>
                                                       XLXI_2/XLXI_94/Madd_adrSec_share0000_cy<12>
                                                       XLXI_2/XLXI_94/Madd_adrSec_share0000_cy<13>
    SLICE_X51Y48.CIN     net (fanout=1)        0.000   XLXI_2/XLXI_94/Madd_adrSec_share0000_cy<13>
    SLICE_X51Y48.COUT    Tbyp                  0.118   XLXI_2/XLXI_94/adrSec_share0000<14>
                                                       XLXI_2/XLXI_94/Madd_adrSec_share0000_cy<14>
                                                       XLXI_2/XLXI_94/Madd_adrSec_share0000_cy<15>
    SLICE_X51Y49.CIN     net (fanout=1)        0.000   XLXI_2/XLXI_94/Madd_adrSec_share0000_cy<15>
    SLICE_X51Y49.COUT    Tbyp                  0.118   XLXI_2/XLXI_94/adrSec_share0000<16>
                                                       XLXI_2/XLXI_94/Madd_adrSec_share0000_cy<16>
                                                       XLXI_2/XLXI_94/Madd_adrSec_share0000_cy<17>
    SLICE_X51Y50.CIN     net (fanout=1)        0.000   XLXI_2/XLXI_94/Madd_adrSec_share0000_cy<17>
    SLICE_X51Y50.COUT    Tbyp                  0.118   XLXI_2/XLXI_94/adrSec_share0000<18>
                                                       XLXI_2/XLXI_94/Madd_adrSec_share0000_cy<18>
                                                       XLXI_2/XLXI_94/Madd_adrSec_share0000_cy<19>
    SLICE_X51Y51.CIN     net (fanout=1)        0.000   XLXI_2/XLXI_94/Madd_adrSec_share0000_cy<19>
    SLICE_X51Y51.Y       Tciny                 0.869   XLXI_2/XLXI_94/adrSec_share0000<20>
                                                       XLXI_2/XLXI_94/Madd_adrSec_share0000_cy<20>
                                                       XLXI_2/XLXI_94/Madd_adrSec_share0000_xor<21>
    SLICE_X51Y63.G2      net (fanout=1)        1.005   XLXI_2/XLXI_94/adrSec_share0000<21>
    SLICE_X51Y63.CLK     Tgck                  0.837   XLXI_2/XLXI_94/adrSec<21>
                                                       XLXI_2/XLXI_94/adrSec_mux0004<21>23
                                                       XLXI_2/XLXI_94/adrSec_21
    -------------------------------------------------  ---------------------------
    Total                                     13.549ns (6.723ns logic, 6.826ns route)
                                                       (49.6% logic, 50.4% route)

--------------------------------------------------------------------------------

Hold Paths: NET "Clk_50MHz_BUFGP/IBUFG" PERIOD = 20 ns HIGH 50%;
--------------------------------------------------------------------------------

Paths for end point XLXI_2/XLXI_96/I_Transc/regMISO_3 (SLICE_X25Y64.BX), 1 path
--------------------------------------------------------------------------------
Slack (hold path):      0.968ns (requirement - (clock path skew + uncertainty - data path))
  Source:               XLXI_2/XLXI_96/I_Transc/regMISO_2 (FF)
  Destination:          XLXI_2/XLXI_96/I_Transc/regMISO_3 (FF)
  Requirement:          0.000ns
  Data Path Delay:      0.968ns (Levels of Logic = 0)
  Clock Path Skew:      0.000ns
  Source Clock:         Clk_50MHz_BUFGP rising at 20.000ns
  Destination Clock:    Clk_50MHz_BUFGP rising at 20.000ns
  Clock Uncertainty:    0.000ns

  Minimum Data Path: XLXI_2/XLXI_96/I_Transc/regMISO_2 to XLXI_2/XLXI_96/I_Transc/regMISO_3
    Location             Delay type         Delay(ns)  Physical Resource
                                                       Logical Resource(s)
    -------------------------------------------------  -------------------
    SLICE_X25Y64.YQ      Tcko                  0.470   XLXI_2/XLXI_96/I_Transc/regMISO<3>
                                                       XLXI_2/XLXI_96/I_Transc/regMISO_2
    SLICE_X25Y64.BX      net (fanout=9)        0.405   XLXI_2/XLXI_96/I_Transc/regMISO<2>
    SLICE_X25Y64.CLK     Tckdi       (-Th)    -0.093   XLXI_2/XLXI_96/I_Transc/regMISO<3>
                                                       XLXI_2/XLXI_96/I_Transc/regMISO_3
    -------------------------------------------------  ---------------------------
    Total                                      0.968ns (0.563ns logic, 0.405ns route)
                                                       (58.2% logic, 41.8% route)

--------------------------------------------------------------------------------

Paths for end point XLXI_2/XLXI_94/Res_DO_CE/DInToggle_SR_1 (SLICE_X16Y24.BX), 1 path
--------------------------------------------------------------------------------
Slack (hold path):      1.000ns (requirement - (clock path skew + uncertainty - data path))
  Source:               XLXI_2/XLXI_94/Res_DO_CE/DInToggle (FF)
  Destination:          XLXI_2/XLXI_94/Res_DO_CE/DInToggle_SR_1 (FF)
  Requirement:          0.000ns
  Data Path Delay:      1.001ns (Levels of Logic = 0)
  Clock Path Skew:      0.001ns (0.005 - 0.004)
  Source Clock:         Clk_50MHz_BUFGP rising at 20.000ns
  Destination Clock:    Clk_50MHz_BUFGP rising at 20.000ns
  Clock Uncertainty:    0.000ns

  Minimum Data Path: XLXI_2/XLXI_94/Res_DO_CE/DInToggle to XLXI_2/XLXI_94/Res_DO_CE/DInToggle_SR_1
    Location             Delay type         Delay(ns)  Physical Resource
                                                       Logical Resource(s)
    -------------------------------------------------  -------------------
    SLICE_X17Y26.YQ      Tcko                  0.470   XLXI_2/XLXI_94/Res_DO_CE/DInToggle
                                                       XLXI_2/XLXI_94/Res_DO_CE/DInToggle
    SLICE_X16Y24.BX      net (fanout=2)        0.397   XLXI_2/XLXI_94/Res_DO_CE/DInToggle
    SLICE_X16Y24.CLK     Tckdi       (-Th)    -0.134   XLXI_2/XLXI_94/Res_DO_CE/DInToggle_SR<1>
                                                       XLXI_2/XLXI_94/Res_DO_CE/DInToggle_SR_1
    -------------------------------------------------  ---------------------------
    Total                                      1.001ns (0.604ns logic, 0.397ns route)
                                                       (60.3% logic, 39.7% route)

--------------------------------------------------------------------------------

Paths for end point XLXI_2/XLXI_94/Res_Busy/qBusyExt (SLICE_X32Y48.BY), 1 path
--------------------------------------------------------------------------------
Slack (hold path):      1.001ns (requirement - (clock path skew + uncertainty - data path))
  Source:               XLXI_2/XLXI_94/Res_Busy/qBusyInt (FF)
  Destination:          XLXI_2/XLXI_94/Res_Busy/qBusyExt (FF)
  Requirement:          0.000ns
  Data Path Delay:      1.001ns (Levels of Logic = 0)
  Clock Path Skew:      0.000ns
  Source Clock:         Clk_50MHz_BUFGP rising at 20.000ns
  Destination Clock:    Clk_50MHz_BUFGP rising at 20.000ns
  Clock Uncertainty:    0.000ns

  Minimum Data Path: XLXI_2/XLXI_94/Res_Busy/qBusyInt to XLXI_2/XLXI_94/Res_Busy/qBusyExt
    Location             Delay type         Delay(ns)  Physical Resource
                                                       Logical Resource(s)
    -------------------------------------------------  -------------------
    SLICE_X33Y49.YQ      Tcko                  0.470   XLXI_2/XLXI_94/Res_Busy/qBusyInt
                                                       XLXI_2/XLXI_94/Res_Busy/qBusyInt
    SLICE_X32Y48.BY      net (fanout=1)        0.379   XLXI_2/XLXI_94/Res_Busy/qBusyInt
    SLICE_X32Y48.CLK     Tckdi       (-Th)    -0.152   XLXI_2/XLXI_94/Res_Busy/qBusyExt
                                                       XLXI_2/XLXI_94/Res_Busy/qBusyExt
    -------------------------------------------------  ---------------------------
    Total                                      1.001ns (0.622ns logic, 0.379ns route)
                                                       (62.1% logic, 37.9% route)

--------------------------------------------------------------------------------

Component Switching Limit Checks: NET "Clk_50MHz_BUFGP/IBUFG" PERIOD = 20 ns HIGH 50%;
--------------------------------------------------------------------------------
Slack: 16.824ns (period - (min low pulse limit / (low pulse / period)))
  Period: 20.000ns
  Low pulse: 10.000ns
  Low pulse limit: 1.588ns (Tbpwl)
  Physical resource: XLXI_2/XLXI_89/Mram_BRAM/CLKA
  Logical resource: XLXI_2/XLXI_89/Mram_BRAM.A/CLKA
  Location pin: RAMB16_X0Y1.CLKA
  Clock network: Clk_50MHz_BUFGP
--------------------------------------------------------------------------------
Slack: 16.824ns (period - (min high pulse limit / (high pulse / period)))
  Period: 20.000ns
  High pulse: 10.000ns
  High pulse limit: 1.588ns (Tbpwh)
  Physical resource: XLXI_2/XLXI_89/Mram_BRAM/CLKA
  Logical resource: XLXI_2/XLXI_89/Mram_BRAM.A/CLKA
  Location pin: RAMB16_X0Y1.CLKA
  Clock network: Clk_50MHz_BUFGP
--------------------------------------------------------------------------------
Slack: 16.824ns (period - min period limit)
  Period: 20.000ns
  Min period limit: 3.176ns (314.861MHz) (Tbp)
  Physical resource: XLXI_2/XLXI_89/Mram_BRAM/CLKA
  Logical resource: XLXI_2/XLXI_89/Mram_BRAM.A/CLKA
  Location pin: RAMB16_X0Y1.CLKA
  Clock network: Clk_50MHz_BUFGP
--------------------------------------------------------------------------------


All constraints were met.


Data Sheet report:
-----------------
All values displayed in nanoseconds (ns)

Clock to Setup on destination clock Clk_50MHz
---------------+---------+---------+---------+---------+
               | Src:Rise| Src:Fall| Src:Rise| Src:Fall|
Source Clock   |Dest:Rise|Dest:Rise|Dest:Fall|Dest:Fall|
---------------+---------+---------+---------+---------+
Clk_50MHz      |   13.894|         |         |         |
---------------+---------+---------+---------+---------+


Timing summary:
---------------

Timing errors: 0  Score: 0  (Setup/Max: 0, Hold: 0)

Constraints cover 64805 paths, 0 nets, and 6356 connections

Design statistics:
   Minimum period:  13.894ns{1}   (Maximum frequency:  71.974MHz)


------------------------------------Footnotes-----------------------------------
1)  The minimum period statistic assumes all single cycle delays.

Analysis completed Thu Jun 02 19:37:46 2022 
--------------------------------------------------------------------------------

Trace Settings:
-------------------------
Trace Settings 

Peak Memory Usage: 4527 MB



