V3 32
FL C:/Users/lab/Desktop/UCISW2-Projekt-main/Plytka.vhf 2022/05/26.13:33:10 P.20131013
FL C:/Users/lab/Desktop/UCISW2-Projekt-main/SDC_Help3.vhd 2022/05/26.12:19:58 P.20131013
EN work/SDC_Help3 1653560418 \
      FL C:/Users/lab/Desktop/UCISW2-Projekt-main/SDC_Help3.vhd \
      PB ieee/std_logic_1164 1381692176
AR work/SDC_Help3/Behavioral 1653560419 \
      FL C:/Users/lab/Desktop/UCISW2-Projekt-main/SDC_Help3.vhd EN work/SDC_Help3 1653560418
FL C:/Users/lab/Desktop/UCISW2-Projekt-main/SDC_Help4.vhd 2022/05/26.14:35:04 P.20131013
FL C:/Users/lab/Desktop/Vaw/Wav/Plytka.vhf 2022/04/28.13:41:30 P.20131013
FL C:/Users/lab/Desktop/Vaw/Wav/SDC_helper2.vhd 2022/04/28.13:56:50 P.20131013
EN work/SDC_helper2 1651147019 FL C:/Users/lab/Desktop/Vaw/Wav/SDC_helper2.vhd \
      PB ieee/std_logic_1164 1381692176
AR work/SDC_helper2/Behavioral 1651147020 \
      FL C:/Users/lab/Desktop/Vaw/Wav/SDC_helper2.vhd EN work/SDC_helper2 1651147019
FL C:/Users/lab/Desktop/Vaw/Wav/Test_SDCard.vhf 2022/04/13.13:18:45 P.20131013
EN work/Test_SDCard 1649848728 FL C:/Users/lab/Desktop/Vaw/Wav/Test_SDCard.vhf \
      PB ieee/std_logic_1164 1381692176 PB ieee/NUMERIC_STD 1381692181 LB UNISIM \
      PH unisim/VCOMPONENTS 1381692182
AR work/Test_SDCard/BEHAVIORAL 1649848729 \
      FL C:/Users/lab/Desktop/Vaw/Wav/Test_SDCard.vhf EN work/Test_SDCard 1649848728 \
      CP SDC_FileReader CP VGAtxt48x20 CP RotaryEnc CP AND2B1 CP BUF CP VCC CP GND
FL C:/Users/lab/Downloads/UCISW2-Projekt-main/UCISW2-Projekt-main/Plytka.vhf 2022/06/02.18:56:17 P.20131013
EN work/Plytka 1654191439 \
      FL C:/Users/lab/Downloads/UCISW2-Projekt-main/UCISW2-Projekt-main/Plytka.vhf \
      PB ieee/std_logic_1164 1381692176 PB ieee/NUMERIC_STD 1381692181 LB UNISIM \
      PH unisim/VCOMPONENTS 1381692182
AR work/Plytka/BEHAVIORAL 1654191440 \
      FL C:/Users/lab/Downloads/UCISW2-Projekt-main/UCISW2-Projekt-main/Plytka.vhf \
      EN work/Plytka 1654191439 CP SDC_FileReader CP RotaryEnc CP VCC CP GND CP BUF \
      CP LCD1x64 CP SDC_Help4 CP AND2
FL C:/Users/lab/Downloads/UCISW2-Projekt-main/UCISW2-Projekt-main/SDC_Help4.vhd 2022/06/02.19:36:09 P.20131013
EN work/SDC_Help4 1654191437 \
      FL C:/Users/lab/Downloads/UCISW2-Projekt-main/UCISW2-Projekt-main/SDC_Help4.vhd \
      PB ieee/std_logic_1164 1381692176 PB ieee/NUMERIC_STD 1381692181
AR work/SDC_Help4/Behavioral 1654191438 \
      FL C:/Users/lab/Downloads/UCISW2-Projekt-main/UCISW2-Projekt-main/SDC_Help4.vhd \
      EN work/SDC_Help4 1654191437
FL F:/STUDIA/UCISW2/Github/UCISW2-Projekt/SDC_Help3.vhd 2022/05/26.09:53:10 P.20131013
FL F:/STUDIA/UCISW2/Github/UCISW2-Projekt/SDC_Help4.vhd 2022/06/02.10:48:09 P.20131013
FL F:/STUDIA/UCISW2/Wav1/SDC_Help3.vhd 2022/05/25.22:24:17 P.20131013
